Traceback (most recent call last):
  File "C:\Users\OKAN\AppData\Local\Programs\Python\Python314\Lib\site-packages\jupyter_cache\executors\utils.py", line 58, in single_nb_execution
    executenb(
    ~~~~~~~~~^
        nb,
        ^^^
    ...<4 lines>...
        **kwargs,
        ^^^^^^^^^
    )
    ^
  File "C:\Users\OKAN\AppData\Local\Programs\Python\Python314\Lib\site-packages\nbclient\client.py", line 1323, in execute
    return NotebookClient(nb=nb, resources=resources, km=km, **kwargs).execute()
           ~~~~~~~~~~~~~~~~~~~~~~~~~~~~~~~~~~~~~~~~~~~~~~~~~~~~~~~~~~~~~~~~~~~^^
  File "C:\Users\OKAN\AppData\Local\Programs\Python\Python314\Lib\site-packages\jupyter_core\utils\__init__.py", line 165, in wrapped
    return loop.run_until_complete(inner)
           ~~~~~~~~~~~~~~~~~~~~~~~^^^^^^^
  File "C:\Users\OKAN\AppData\Local\Programs\Python\Python314\Lib\asyncio\base_events.py", line 719, in run_until_complete
    return future.result()
           ~~~~~~~~~~~~~^^
  File "C:\Users\OKAN\AppData\Local\Programs\Python\Python314\Lib\site-packages\nbclient\client.py", line 709, in async_execute
    await self.async_execute_cell(
        cell, index, execution_count=self.code_cells_executed + 1
    )
  File "C:\Users\OKAN\AppData\Local\Programs\Python\Python314\Lib\site-packages\nbclient\client.py", line 1062, in async_execute_cell
    await self._check_raise_for_error(cell, cell_index, exec_reply)
  File "C:\Users\OKAN\AppData\Local\Programs\Python\Python314\Lib\site-packages\nbclient\client.py", line 918, in _check_raise_for_error
    raise CellExecutionError.from_cell_and_msg(cell, exec_reply_content)
nbclient.exceptions.CellExecutionError: An error occurred while executing the following cell:
------------------
import warnings
warnings.filterwarnings('ignore')

import pickle, os, json, time
import numpy as np
import pandas as pd
import matplotlib.pyplot as plt
import matplotlib.patches as mpatches
import seaborn as sns
import folium
from folium import plugins

OUTPUT_DIR = '../output'
plt.rcParams['figure.figsize'] = (13, 5)
sns.set_theme(style='whitegrid', font_scale=1.05)

# ── Load data dari Tahap 3 ───────────────────────────────────
with open(f'{OUTPUT_DIR}/tahap3_clustering.pkl', 'rb') as f:
    d = pickle.load(f)

BEST_DATASET    = d['BEST_DATASET']
BEST_K          = d['BEST_K']
BEST_SIL        = d['BEST_SIL']
BEST_LABELS     = d['BEST_LABELS']
CLUSTER_COLORS  = d['CLUSTER_COLORS']
meta_linear     = d['meta_linear']
meta_poly       = d['meta_poly']
X_linear        = d['X_linear']
X_poly          = d['X_poly']
df_hasil        = d['df_hasil']

meta_best = meta_linear if 'Linear' in BEST_DATASET else meta_poly
X_raw     = X_linear    if 'Linear' in BEST_DATASET else X_poly

print(f'Data Tahap 3 berhasil dimuat.')
print(f'  Konfigurasi terbaik: {BEST_DATASET}, k={BEST_K}, sil={BEST_SIL:.4f}')
print(f'  Jumlah wilayah     : {len(meta_best)}')
------------------


[31m---------------------------------------------------------------------------[39m
[31mFileNotFoundError[39m                         Traceback (most recent call last)
[36mCell[39m[36m [39m[32mIn[1][39m[32m, line 18[39m
[32m     15[39m sns.set_theme(style=[33m'[39m[33mwhitegrid[39m[33m'[39m, font_scale=[32m1.05[39m)
[32m     17[39m [38;5;66;03m# ── Load data dari Tahap 3 ───────────────────────────────────[39;00m
[32m---> [39m[32m18[39m [38;5;28;01mwith[39;00m [38;5;28;43mopen[39;49m[43m([49m[33;43mf[39;49m[33;43m'[39;49m[38;5;132;43;01m{[39;49;00m[43mOUTPUT_DIR[49m[38;5;132;43;01m}[39;49;00m[33;43m/tahap3_clustering.pkl[39;49m[33;43m'[39;49m[43m,[49m[43m [49m[33;43m'[39;49m[33;43mrb[39;49m[33;43m'[39;49m[43m)[49m [38;5;28;01mas[39;00m f:
[32m     19[39m     d = pickle.load(f)
[32m     21[39m BEST_DATASET    = d[[33m'[39m[33mBEST_DATASET[39m[33m'[39m]

[36mFile [39m[32m~\AppData\Local\Programs\Python\Python314\Lib\site-packages\IPython\core\interactiveshell.py:344[39m, in [36m_modified_open[39m[34m(file, *args, **kwargs)[39m
[32m    337[39m [38;5;28;01mif[39;00m file [38;5;129;01min[39;00m {[32m0[39m, [32m1[39m, [32m2[39m}:
[32m    338[39m     [38;5;28;01mraise[39;00m [38;5;167;01mValueError[39;00m(
[32m    339[39m         [33mf[39m[33m"[39m[33mIPython won[39m[33m'[39m[33mt let you open fd=[39m[38;5;132;01m{[39;00mfile[38;5;132;01m}[39;00m[33m by default [39m[33m"[39m
[32m    340[39m         [33m"[39m[33mas it is likely to crash IPython. If you know what you are doing, [39m[33m"[39m
[32m    341[39m         [33m"[39m[33myou can use builtins[39m[33m'[39m[33m open.[39m[33m"[39m
[32m    342[39m     )
[32m--> [39m[32m344[39m [38;5;28;01mreturn[39;00m [43mio_open[49m[43m([49m[43mfile[49m[43m,[49m[43m [49m[43m*[49m[43margs[49m[43m,[49m[43m [49m[43m*[49m[43m*[49m[43mkwargs[49m[43m)[49m

[31mFileNotFoundError[39m: [Errno 2] No such file or directory: '../output/tahap3_clustering.pkl'

