Traceback (most recent call last):
  File "C:\Users\OKAN\AppData\Local\Programs\Python\Python314\Lib\site-packages\jupyter_cache\executors\utils.py", line 58, in single_nb_execution
    executenb(
    ~~~~~~~~~^
        nb,
        ^^^
    ...<4 lines>...
        **kwargs,
        ^^^^^^^^^
    )
    ^
  File "C:\Users\OKAN\AppData\Local\Programs\Python\Python314\Lib\site-packages\nbclient\client.py", line 1323, in execute
    return NotebookClient(nb=nb, resources=resources, km=km, **kwargs).execute()
           ~~~~~~~~~~~~~~~~~~~~~~~~~~~~~~~~~~~~~~~~~~~~~~~~~~~~~~~~~~~~~~~~~~~^^
  File "C:\Users\OKAN\AppData\Local\Programs\Python\Python314\Lib\site-packages\jupyter_core\utils\__init__.py", line 165, in wrapped
    return loop.run_until_complete(inner)
           ~~~~~~~~~~~~~~~~~~~~~~~^^^^^^^
  File "C:\Users\OKAN\AppData\Local\Programs\Python\Python314\Lib\asyncio\base_events.py", line 719, in run_until_complete
    return future.result()
           ~~~~~~~~~~~~~^^
  File "C:\Users\OKAN\AppData\Local\Programs\Python\Python314\Lib\site-packages\nbclient\client.py", line 709, in async_execute
    await self.async_execute_cell(
        cell, index, execution_count=self.code_cells_executed + 1
    )
  File "C:\Users\OKAN\AppData\Local\Programs\Python\Python314\Lib\site-packages\nbclient\client.py", line 1062, in async_execute_cell
    await self._check_raise_for_error(cell, cell_index, exec_reply)
  File "C:\Users\OKAN\AppData\Local\Programs\Python\Python314\Lib\site-packages\nbclient\client.py", line 918, in _check_raise_for_error
    raise CellExecutionError.from_cell_and_msg(cell, exec_reply_content)
nbclient.exceptions.CellExecutionError: An error occurred while executing the following cell:
------------------
# Cek jumlah missing values (NaN) di setiap kolom
missing_summary = df.isna().sum()
print("Jumlah data kosong (missing values) per kolom:")
print(missing_summary)
------------------


[31m---------------------------------------------------------------------------[39m
[31mNameError[39m                                 Traceback (most recent call last)
[36mCell[39m[36m [39m[32mIn[1][39m[32m, line 2[39m
[32m      1[39m [38;5;66;03m# Cek jumlah missing values (NaN) di setiap kolom[39;00m
[32m----> [39m[32m2[39m missing_summary = [43mdf[49m.isna().sum()
[32m      3[39m [38;5;28mprint[39m([33m"[39m[33mJumlah data kosong (missing values) per kolom:[39m[33m"[39m)
[32m      4[39m [38;5;28mprint[39m(missing_summary)

[31mNameError[39m: name 'df' is not defined

