Traceback (most recent call last):
  File "C:\Users\OKAN\AppData\Local\Programs\Python\Python314\Lib\site-packages\jupyter_cache\executors\utils.py", line 58, in single_nb_execution
    executenb(
    ~~~~~~~~~^
        nb,
        ^^^
    ...<4 lines>...
        **kwargs,
        ^^^^^^^^^
    )
    ^
  File "C:\Users\OKAN\AppData\Local\Programs\Python\Python314\Lib\site-packages\nbclient\client.py", line 1323, in execute
    return NotebookClient(nb=nb, resources=resources, km=km, **kwargs).execute()
           ~~~~~~~~~~~~~~~~~~~~~~~~~~~~~~~~~~~~~~~~~~~~~~~~~~~~~~~~~~~~~~~~~~~^^
  File "C:\Users\OKAN\AppData\Local\Programs\Python\Python314\Lib\site-packages\jupyter_core\utils\__init__.py", line 165, in wrapped
    return loop.run_until_complete(inner)
           ~~~~~~~~~~~~~~~~~~~~~~~^^^^^^^
  File "C:\Users\OKAN\AppData\Local\Programs\Python\Python314\Lib\asyncio\base_events.py", line 719, in run_until_complete
    return future.result()
           ~~~~~~~~~~~~~^^
  File "C:\Users\OKAN\AppData\Local\Programs\Python\Python314\Lib\site-packages\nbclient\client.py", line 709, in async_execute
    await self.async_execute_cell(
        cell, index, execution_count=self.code_cells_executed + 1
    )
  File "C:\Users\OKAN\AppData\Local\Programs\Python\Python314\Lib\site-packages\nbclient\client.py", line 1062, in async_execute_cell
    await self._check_raise_for_error(cell, cell_index, exec_reply)
  File "C:\Users\OKAN\AppData\Local\Programs\Python\Python314\Lib\site-packages\nbclient\client.py", line 918, in _check_raise_for_error
    raise CellExecutionError.from_cell_and_msg(cell, exec_reply_content)
nbclient.exceptions.CellExecutionError: An error occurred while executing the following cell:
------------------
start_date = "2025-08-31"
end_date = "2026-08-31"

print("Memuat koleksi Sentinel-5P untuk NO2, CO, dan O3...")
# Catatan: Sentinel-5P tidak menyediakan parameter PM10 dan PM2.5.
# Oleh karena itu, kita akan fokus menarik data gas (NO2, CO, O3) yang tersedia.
# Band names tergantung backend, di CDSE misalnya: 'NO2', 'CO', 'O3'.
datacube = connection.load_collection(
    "SENTINEL_5P_L2",
    spatial_extent={"type": "Polygon", "coordinates": [geojson_coords]},
    temporal_extent=[start_date, end_date],
    bands=["NO2", "CO", "O3"] 
)

print("Membuat proses agregasi spasial...")
# Rata-rata spasial per hari
timeseries = datacube.aggregate_spatial(
    geometries={"type": "Polygon", "coordinates": [geojson_coords]},
    reducer="mean"
)

print("Mengunduh data (ini akan memakan waktu karena memproses citra satelit)...")
data = timeseries.execute()
print("Data API OpenEO berhasil ditarik!")
------------------

----- stdout -----
Memuat koleksi Sentinel-5P untuk NO2, CO, dan O3...
----- stdout -----
Membuat proses agregasi spasial...
Mengunduh data (ini akan memakan waktu karena memproses citra satelit)...
------------------

[31m---------------------------------------------------------------------------[39m
[31mOpenEoApiError[39m                            Traceback (most recent call last)
[36mCell[39m[36m [39m[32mIn[4][39m[32m, line 23[39m
[32m     17[39m timeseries = datacube.aggregate_spatial(
[32m     18[39m     geometries={[33m"[39m[33mtype[39m[33m"[39m: [33m"[39m[33mPolygon[39m[33m"[39m, [33m"[39m[33mcoordinates[39m[33m"[39m: [geojson_coords]},
[32m     19[39m     reducer=[33m"[39m[33mmean[39m[33m"[39m
[32m     20[39m )
[32m     22[39m [38;5;28mprint[39m([33m"[39m[33mMengunduh data (ini akan memakan waktu karena memproses citra satelit)...[39m[33m"[39m)
[32m---> [39m[32m23[39m data = [43mtimeseries[49m[43m.[49m[43mexecute[49m[43m([49m[43m)[49m
[32m     24[39m [38;5;28mprint[39m([33m"[39m[33mData API OpenEO berhasil ditarik![39m[33m"[39m)

[36mFile [39m[32m~\AppData\Local\Programs\Python\Python314\Lib\site-packages\openeo\rest\vectorcube.py:241[39m, in [36mVectorCube.execute[39m[34m(self, validate)[39m
[32m    239[39m [38;5;28;01mdef[39;00m[38;5;250m [39m[34mexecute[39m([38;5;28mself[39m, *, validate: Optional[[38;5;28mbool[39m] = [38;5;28;01mNone[39;00m) -> [38;5;28mdict[39m:
[32m    240[39m [38;5;250m    [39m[33;03m"""Executes the process graph."""[39;00m
[32m--> [39m[32m241[39m     [38;5;28;01mreturn[39;00m [38;5;28;43mself[39;49m[43m.[49m[43m_connection[49m[43m.[49m[43mexecute[49m[43m([49m[38;5;28;43mself[39;49m[43m.[49m[43mflat_graph[49m[43m([49m[43m)[49m[43m,[49m[43m [49m[43mvalidate[49m[43m=[49m[43mvalidate[49m[43m)[49m

[36mFile [39m[32m~\AppData\Local\Programs\Python\Python314\Lib\site-packages\openeo\rest\connection.py:1836[39m, in [36mConnection.execute[39m[34m(self, process_graph, timeout, validate, auto_decode, additional, job_options, on_response_headers)[39m
[32m   1832[39m pg_with_metadata = [38;5;28mself[39m._build_request_with_process_graph(
[32m   1833[39m     process_graph=process_graph, additional=additional, job_options=job_options
[32m   1834[39m )
[32m   1835[39m [38;5;28mself[39m._preflight_validation(pg_with_metadata=pg_with_metadata, validate=validate)
[32m-> [39m[32m1836[39m response = [38;5;28;43mself[39;49m[43m.[49m[43mpost[49m[43m([49m
[32m   1837[39m [43m    [49m[43mpath[49m[43m=[49m[33;43m"[39;49m[33;43m/result[39;49m[33;43m"[39;49m[43m,[49m
[32m   1838[39m [43m    [49m[43mjson[49m[43m=[49m[43mpg_with_metadata[49m[43m,[49m
[32m   1839[39m [43m    [49m[43mexpected_status[49m[43m=[49m[32;43m200[39;49m[43m,[49m
[32m   1840[39m [43m    [49m[43mtimeout[49m[43m=[49m[43mtimeout[49m[43m [49m[38;5;129;43;01mor[39;49;00m[43m [49m[43mDEFAULT_TIMEOUT_SYNCHRONOUS_EXECUTE[49m[43m,[49m
[32m   1841[39m [43m[49m[43m)[49m
[32m   1843[39m [38;5;66;03m# TODO: deprecate on_response_headers in favor of self.events?[39;00m
[32m   1844[39m [38;5;28;01mif[39;00m on_response_headers := (on_response_headers [38;5;129;01mor[39;00m [38;5;28mself[39m._on_response_headers_sync):

[36mFile [39m[32m~\AppData\Local\Programs\Python\Python314\Lib\site-packages\openeo\rest\_connection.py:232[39m, in [36mRestApiConnection.post[39m[34m(self, path, json, **kwargs)[39m
[32m    224[39m [38;5;28;01mdef[39;00m[38;5;250m [39m[34mpost[39m([38;5;28mself[39m, path: [38;5;28mstr[39m, json: Optional[[38;5;28mdict[39m] = [38;5;28;01mNone[39;00m, **kwargs) -> Response:
[32m    225[39m [38;5;250m    [39m[33;03m"""[39;00m
[32m    226[39m [33;03m    Do POST request to REST API.[39;00m
[32m    227[39m 
[32m   (...)[39m[32m    230[39m [33;03m    :return: response: Response[39;00m
[32m    231[39m [33;03m    """[39;00m
[32m--> [39m[32m232[39m     [38;5;28;01mreturn[39;00m [38;5;28;43mself[39;49m[43m.[49m[43mrequest[49m[43m([49m[33;43m"[39;49m[33;43mpost[39;49m[33;43m"[39;49m[43m,[49m[43m [49m[43mpath[49m[43m=[49m[43mpath[49m[43m,[49m[43m [49m[43mjson[49m[43m=[49m[43mjson[49m[43m,[49m[43m [49m[43mallow_redirects[49m[43m=[49m[38;5;28;43;01mFalse[39;49;00m[43m,[49m[43m [49m[43m*[49m[43m*[49m[43mkwargs[49m[43m)[49m

[36mFile [39m[32m~\AppData\Local\Programs\Python\Python314\Lib\site-packages\openeo\rest\connection.py:787[39m, in [36mConnection.request[39m[34m(self, method, path, headers, auth, check_error, expected_status, **kwargs)[39m
[32m    780[39m     [38;5;28;01mreturn[39;00m [38;5;28msuper[39m(Connection, [38;5;28mself[39m).request(
[32m    781[39m         method=method, path=path, headers=headers, auth=auth,
[32m    782[39m         check_error=check_error, expected_status=expected_status, **kwargs,
[32m    783[39m     )
[32m    785[39m [38;5;28;01mtry[39;00m:
[32m    786[39m     [38;5;66;03m# Initial request attempt[39;00m
[32m--> [39m[32m787[39m     [38;5;28;01mreturn[39;00m [43m_request[49m[43m([49m[43m)[49m
[32m    788[39m [38;5;28;01mexcept[39;00m OpenEoApiError [38;5;28;01mas[39;00m api_exc:
[32m    789[39m     [38;5;28;01mif[39;00m (
[32m    790[39m         api_exc.http_status_code [38;5;129;01min[39;00m {HTTP_401_UNAUTHORIZED, HTTP_403_FORBIDDEN}
[32m    791[39m         [38;5;129;01mand[39;00m api_exc.code == [33m"[39m[33mTokenInvalid[39m[33m"[39m
[32m    792[39m     ):
[32m    793[39m         [38;5;66;03m# Retry if we can refresh the access token[39;00m

[36mFile [39m[32m~\AppData\Local\Programs\Python\Python314\Lib\site-packages\openeo\rest\connection.py:780[39m, in [36mConnection.request.<locals>._request[39m[34m()[39m
[32m    779[39m [38;5;28;01mdef[39;00m[38;5;250m [39m[34m_request[39m():
[32m--> [39m[32m780[39m     [38;5;28;01mreturn[39;00m [38;5;28;43msuper[39;49m[43m([49m[43mConnection[49m[43m,[49m[43m [49m[38;5;28;43mself[39;49m[43m)[49m[43m.[49m[43mrequest[49m[43m([49m
[32m    781[39m [43m        [49m[43mmethod[49m[43m=[49m[43mmethod[49m[43m,[49m[43m [49m[43mpath[49m[43m=[49m[43mpath[49m[43m,[49m[43m [49m[43mheaders[49m[43m=[49m[43mheaders[49m[43m,[49m[43m [49m[43mauth[49m[43m=[49m[43mauth[49m[43m,[49m
[32m    782[39m [43m        [49m[43mcheck_error[49m[43m=[49m[43mcheck_error[49m[43m,[49m[43m [49m[43mexpected_status[49m[43m=[49m[43mexpected_status[49m[43m,[49m[43m [49m[43m*[49m[43m*[49m[43mkwargs[49m[43m,[49m
[32m    783[39m [43m    [49m[43m)[49m

[36mFile [39m[32m~\AppData\Local\Programs\Python\Python314\Lib\site-packages\openeo\rest\_connection.py:141[39m, in [36mRestApiConnection.request[39m[34m(self, method, path, params, headers, auth, check_error, expected_status, **kwargs)[39m
[32m    139[39m expected_status = ensure_list(expected_status) [38;5;28;01mif[39;00m expected_status [38;5;28;01melse[39;00m []
[32m    140[39m [38;5;28;01mif[39;00m check_error [38;5;129;01mand[39;00m status >= [32m400[39m [38;5;129;01mand[39;00m status [38;5;129;01mnot[39;00m [38;5;129;01min[39;00m expected_status:
[32m--> [39m[32m141[39m     [38;5;28;43mself[39;49m[43m.[49m[43m_raise_api_error[49m[43m([49m[43mresp[49m[43m)[49m
[32m    142[39m [38;5;28;01mif[39;00m expected_status [38;5;129;01mand[39;00m status [38;5;129;01mnot[39;00m [38;5;129;01min[39;00m expected_status:
[32m    143[39m     [38;5;28;01mraise[39;00m OpenEoRestError(
[32m    144[39m         [33m"[39m[33mGot status code [39m[38;5;132;01m{s!r}[39;00m[33m for `[39m[38;5;132;01m{m}[39;00m[33m [39m[38;5;132;01m{p}[39;00m[33m` (expected [39m[38;5;132;01m{e!r}[39;00m[33m) with body [39m[38;5;132;01m{body}[39;00m[33m"[39m.format(
[32m    145[39m             m=method.upper(), p=path, s=status, e=expected_status, body=resp.text
[32m    146[39m         )
[32m    147[39m     )

[36mFile [39m[32m~\AppData\Local\Programs\Python\Python314\Lib\site-packages\openeo\rest\_connection.py:163[39m, in [36mRestApiConnection._raise_api_error[39m[34m(self, response)[39m
[32m    161[39m     error_message = info.get([33m"[39m[33mmessage[39m[33m"[39m)
[32m    162[39m     [38;5;28;01mif[39;00m error_code [38;5;129;01mand[39;00m [38;5;28misinstance[39m(error_code, [38;5;28mstr[39m) [38;5;129;01mand[39;00m error_message [38;5;129;01mand[39;00m [38;5;28misinstance[39m(error_message, [38;5;28mstr[39m):
[32m--> [39m[32m163[39m         [38;5;28;01mraise[39;00m OpenEoApiError(
[32m    164[39m             http_status_code=status_code,
[32m    165[39m             code=error_code,
[32m    166[39m             message=error_message,
[32m    167[39m             [38;5;28mid[39m=info.get([33m"[39m[33mid[39m[33m"[39m),
[32m    168[39m             url=info.get([33m"[39m[33murl[39m[33m"[39m),
[32m    169[39m         )
[32m    171[39m [38;5;66;03m# Failed to parse it as a compliant openEO API error: show body as-is in the exception.[39;00m
[32m    172[39m text = response.text

[31mOpenEoApiError[39m: [400] Internal: Collection 'SENTINEL_5P_L2' got requested with multiple bands: ['NO2', 'CO', 'O3']. Only one band is supported, with or without the 'dataMask' band. (ref: r-2609070919394d9fb3a9750577e78d09)

