Traceback (most recent call last):
  File "C:\Users\OKAN\AppData\Local\Programs\Python\Python314\Lib\site-packages\jupyter_cache\executors\utils.py", line 58, in single_nb_execution
    executenb(
    ~~~~~~~~~^
        nb,
        ^^^
    ...<4 lines>...
        **kwargs,
        ^^^^^^^^^
    )
    ^
  File "C:\Users\OKAN\AppData\Local\Programs\Python\Python314\Lib\site-packages\nbclient\client.py", line 1323, in execute
    return NotebookClient(nb=nb, resources=resources, km=km, **kwargs).execute()
           ~~~~~~~~~~~~~~~~~~~~~~~~~~~~~~~~~~~~~~~~~~~~~~~~~~~~~~~~~~~~~~~~~~~^^
  File "C:\Users\OKAN\AppData\Local\Programs\Python\Python314\Lib\site-packages\jupyter_core\utils\__init__.py", line 165, in wrapped
    return loop.run_until_complete(inner)
           ~~~~~~~~~~~~~~~~~~~~~~~^^^^^^^
  File "C:\Users\OKAN\AppData\Local\Programs\Python\Python314\Lib\asyncio\base_events.py", line 719, in run_until_complete
    return future.result()
           ~~~~~~~~~~~~~^^
  File "C:\Users\OKAN\AppData\Local\Programs\Python\Python314\Lib\site-packages\nbclient\client.py", line 709, in async_execute
    await self.async_execute_cell(
        cell, index, execution_count=self.code_cells_executed + 1
    )
  File "C:\Users\OKAN\AppData\Local\Programs\Python\Python314\Lib\site-packages\nbclient\client.py", line 1062, in async_execute_cell
    await self._check_raise_for_error(cell, cell_index, exec_reply)
  File "C:\Users\OKAN\AppData\Local\Programs\Python\Python314\Lib\site-packages\nbclient\client.py", line 918, in _check_raise_for_error
    raise CellExecutionError.from_cell_and_msg(cell, exec_reply_content)
nbclient.exceptions.CellExecutionError: An error occurred while executing the following cell:
------------------
import pandas as pd
import requests
import matplotlib.pyplot as plt
import seaborn as sns
from shapely.geometry import Polygon

# Definisi koordinat batas wilayah (Manyar
) menggunakan GeoJSON
geojson_coords = [
     [
              112.6124555,
              -7.1337934
            ],
            [
              112.6033317,
              -7.1496527
            ],
            [
              112.6203805,
              -7.1596966
            ],
            [
              112.63683,
              -7.1370975
            ],
            [
              112.6124555,
              -7.1337934
            ]
    ]

# Konversi ke bentuk Poligon
area_polygon = Polygon(geojson_coords)

# Mendapatkan koordinat pusat (centroid) untuk API
centroid_lon = area_polygon.centroid.x
centroid_lat = area_polygon.centroid.y
print(f"Titik Pusat Penarikan Data -> Latitude: {centroid_lat:.5f}, Longitude: {centroid_lon:.5f}")
------------------


  [36mCell[39m[36m [39m[32mIn[1][39m[32m, line 8[39m
[31m    [39m[31m) menggunakan GeoJSON[39m
    ^
[31mSyntaxError[39m[31m:[39m unmatched ')'


