Traceback (most recent call last):
  File "C:\Users\OKAN\AppData\Local\Programs\Python\Python314\Lib\site-packages\jupyter_cache\executors\utils.py", line 58, in single_nb_execution
    executenb(
    ~~~~~~~~~^
        nb,
        ^^^
    ...<4 lines>...
        **kwargs,
        ^^^^^^^^^
    )
    ^
  File "C:\Users\OKAN\AppData\Local\Programs\Python\Python314\Lib\site-packages\nbclient\client.py", line 1323, in execute
    return NotebookClient(nb=nb, resources=resources, km=km, **kwargs).execute()
           ~~~~~~~~~~~~~~~~~~~~~~~~~~~~~~~~~~~~~~~~~~~~~~~~~~~~~~~~~~~~~~~~~~~^^
  File "C:\Users\OKAN\AppData\Local\Programs\Python\Python314\Lib\site-packages\jupyter_core\utils\__init__.py", line 165, in wrapped
    return loop.run_until_complete(inner)
           ~~~~~~~~~~~~~~~~~~~~~~~^^^^^^^
  File "C:\Users\OKAN\AppData\Local\Programs\Python\Python314\Lib\asyncio\base_events.py", line 719, in run_until_complete
    return future.result()
           ~~~~~~~~~~~~~^^
  File "C:\Users\OKAN\AppData\Local\Programs\Python\Python314\Lib\site-packages\nbclient\client.py", line 709, in async_execute
    await self.async_execute_cell(
        cell, index, execution_count=self.code_cells_executed + 1
    )
  File "C:\Users\OKAN\AppData\Local\Programs\Python\Python314\Lib\site-packages\nbclient\client.py", line 1062, in async_execute_cell
    await self._check_raise_for_error(cell, cell_index, exec_reply)
  File "C:\Users\OKAN\AppData\Local\Programs\Python\Python314\Lib\site-packages\nbclient\client.py", line 918, in _check_raise_for_error
    raise CellExecutionError.from_cell_and_msg(cell, exec_reply_content)
nbclient.exceptions.CellExecutionError: An error occurred while executing the following cell:
------------------
# ── Konfigurasi ──────────────────────────────────────────────
DB_CONFIG = {
    'host'    : 'basisdata2-c.my.id',
    'port'    : 3306,
    'database': 'basisda1_PSD-A-Interpolasi',
    'user'    : 'basisda1_PSD-User',
    'password': 'PSD-A#2026',
    'charset' : 'utf8mb4',
    'connect_timeout': 15,
}

TABEL_LINEAR = 'ekstraksi_fitur_linear'
TABEL_POLY   = 'ekstraksi_fitur_polynomial'

CSV_LINEAR = 'ekstraksi_fitur_linear.csv'
CSV_POLY   = 'ekstraksi_fitur_polynomial.csv'
CSV_DIRS   = ['.', OUTPUT_DIR]   # folder tempat mencari file CSV cadangan

META_COLS = ['id', 'nama', 'daerah']   # kolom non-fitur


# ── Fungsi bantu ─────────────────────────────────────────────
def ke_numerik(df):
    """Ubah semua kolom fitur ke angka (mendukung desimal koma). Non-angka -> NaN."""
    feat_cols = [c for c in df.columns if c not in META_COLS]
    X = df[feat_cols].copy()
    for c in feat_cols:
        if X[c].dtype == object or str(X[c].dtype).startswith('str'):
            X[c] = X[c].astype(str).str.strip().str.replace(',', '.', regex=False)
        X[c] = pd.to_numeric(X[c], errors='coerce')
    return X


def data_valid(df):
    """True jika tabel punya minimal 2 baris yang berisi angka pada kolom fitur."""
    if df is None or df.shape[0] == 0:
        return False
    X = ke_numerik(df)
    if X.shape[1] == 0:
        return False
    baris_ok = X.notna().mean(axis=1) > 0.5
    return int(baris_ok.sum()) >= 2


def ambil_dari_db(tabel):
    import pymysql
    conn = pymysql.connect(**DB_CONFIG)
    try:
        with conn.cursor() as cur:
            cur.execute(f'SELECT * FROM `{tabel}`')
            kolom = [d[0] for d in cur.description]
            baris = cur.fetchall()
    finally:
        conn.close()
    return pd.DataFrame(list(baris), columns=kolom)


def ambil_data(tabel, csv_path):
    # 1) Database
    try:
        df = ambil_dari_db(tabel)
        print(f'[DB ] "{tabel}" -> {df.shape[0]} baris x {df.shape[1]} kolom')
        if data_valid(df):
            return df, 'database'
        print(f'      [!] Isi tabel "{tabel}" BUKAN angka (kemungkinan header ikut ter-import sebagai data).')
    except Exception as e:
        print(f'[DB ] gagal terhubung/membaca "{tabel}": {type(e).__name__}: {e}')

    # 2) CSV lokal (folder notebook atau folder output)
    ketemu = [os.path.join(dr, csv_path) for dr in CSV_DIRS if os.path.exists(os.path.join(dr, csv_path))]
    csv_path = ketemu[0] if ketemu else csv_path
    if ketemu:
        df = pd.read_csv(csv_path)
        print(f'[CSV] "{csv_path}" -> {df.shape[0]} baris x {df.shape[1]} kolom')
        if data_valid(df):
            return df, 'csv'
        print(f'      [!] Isi "{csv_path}" juga bukan angka.')
    else:
        print(f'[CSV] "{csv_path}" tidak ditemukan.')

    raise RuntimeError(
        f'Tidak ada sumber data valid untuk "{tabel}".\n'
        f'  -> Perbaiki isi tabel di database (isi ulang data fitur 37 wilayah x 204 fitur), ATAU\n'
        f'  -> letakkan file "{csv_path}" di folder notebook ini atau di folder output.'
    )


# ── Muat kedua tabel ─────────────────────────────────────────
print('Memuat data...\n')
df_linear, src_linear = ambil_data(TABEL_LINEAR, CSV_LINEAR)
df_poly,   src_poly   = ambil_data(TABEL_POLY,   CSV_POLY)
print(f'\nSelesai. Sumber -> linear: {src_linear}, polynomial: {src_poly}')
------------------

----- stdout -----
Memuat data...

[DB ] gagal terhubung/membaca "ekstraksi_fitur_linear": ModuleNotFoundError: No module named 'pymysql'
[CSV] "ekstraksi_fitur_linear.csv" tidak ditemukan.
------------------

[31m---------------------------------------------------------------------------[39m
[31mRuntimeError[39m                              Traceback (most recent call last)
[36mCell[39m[36m [39m[32mIn[2][39m[32m, line 90[39m
[32m     88[39m [38;5;66;03m# ── Muat kedua tabel ─────────────────────────────────────────[39;00m
[32m     89[39m [38;5;28mprint[39m([33m'[39m[33mMemuat data...[39m[38;5;130;01m\n[39;00m[33m'[39m)
[32m---> [39m[32m90[39m df_linear, src_linear = [43mambil_data[49m[43m([49m[43mTABEL_LINEAR[49m[43m,[49m[43m [49m[43mCSV_LINEAR[49m[43m)[49m
[32m     91[39m df_poly,   src_poly   = ambil_data(TABEL_POLY,   CSV_POLY)
[32m     92[39m [38;5;28mprint[39m([33mf[39m[33m'[39m[38;5;130;01m\n[39;00m[33mSelesai. Sumber -> linear: [39m[38;5;132;01m{[39;00msrc_linear[38;5;132;01m}[39;00m[33m, polynomial: [39m[38;5;132;01m{[39;00msrc_poly[38;5;132;01m}[39;00m[33m'[39m)

[36mCell[39m[36m [39m[32mIn[2][39m[32m, line 81[39m, in [36mambil_data[39m[34m(tabel, csv_path)[39m
[32m     78[39m [38;5;28;01melse[39;00m:
[32m     79[39m     [38;5;28mprint[39m([33mf[39m[33m'[39m[33m[CSV] [39m[33m"[39m[38;5;132;01m{[39;00mcsv_path[38;5;132;01m}[39;00m[33m"[39m[33m tidak ditemukan.[39m[33m'[39m)
[32m---> [39m[32m81[39m [38;5;28;01mraise[39;00m [38;5;167;01mRuntimeError[39;00m(
[32m     82[39m     [33mf[39m[33m'[39m[33mTidak ada sumber data valid untuk [39m[33m"[39m[38;5;132;01m{[39;00mtabel[38;5;132;01m}[39;00m[33m"[39m[33m.[39m[38;5;130;01m\n[39;00m[33m'[39m
[32m     83[39m     [33mf[39m[33m'[39m[33m  -> Perbaiki isi tabel di database (isi ulang data fitur 37 wilayah x 204 fitur), ATAU[39m[38;5;130;01m\n[39;00m[33m'[39m
[32m     84[39m     [33mf[39m[33m'[39m[33m  -> letakkan file [39m[33m"[39m[38;5;132;01m{[39;00mcsv_path[38;5;132;01m}[39;00m[33m"[39m[33m di folder notebook ini atau di folder output.[39m[33m'[39m
[32m     85[39m )

[31mRuntimeError[39m: Tidak ada sumber data valid untuk "ekstraksi_fitur_linear".
  -> Perbaiki isi tabel di database (isi ulang data fitur 37 wilayah x 204 fitur), ATAU
  -> letakkan file "ekstraksi_fitur_linear.csv" di folder notebook ini atau di folder output.

